ets Jun  8 2016 00:22:57

rst:0x1 (POWERON_RESET),boot:0x13 (SPI_FAST_FLASH_BOOT)
configsip: 0, SPIWP:0xee
clk_drv:0x00,q_drv:0x00,d_drv:0x00,cs0_drv:0x00,hd_drv:0x00,wp_drv:0x00
mode:DIO, clock div:2
load:0x3fff0030,len:7172
load:0x40078000,len:15540
load:0x40080400,len:4
ho 8 tail 4 room 4
load:0x40080404,len:3904
entry 0x40080640
[0;32mI (30) boot: ESP-IDF v5.2.3 2nd stage bootloader[0m
[0;32mI (30) boot: compile time Dec  9 2024 18:33:22[0m
[0;32mI (30) boot: Multicore bootloader[0m
[0;32mI (34) boot: chip revision: v1.0[0m
[0;32mI (38) boot.esp32: SPI Speed      : 40MHz[0m
[0;32mI (43) boot.esp32: SPI Mode       : DIO[0m
[0;32mI (47) boot.esp32: SPI Flash Size : 2MB[0m
[0;32mI (52) boot: Enabling RNG early entropy source...[0m
[0;32mI (57) boot: Partition Table:[0m
[0;32mI (61) boot: ## Label            Usage          Type ST Offset   Length[0m
[0;32mI (68) boot:  0 nvs              WiFi data        01 02 00009000 00006000[0m
[0;32mI (76) boot:  1 phy_init         RF data          01 01 0000f000 00001000[0m
[0;32mI (83) boot:  2 factory          factory app      00 00 00010000 00100000[0m
[0;32mI (91) boot: End of partition table[0m
[0;32mI (95) esp_image: segment 0: paddr=00010020 vaddr=3f400020 size=0b7f8h ( 47096) map[0m
[0;32mI (120) esp_image: segment 1: paddr=0001b820 vaddr=3ffb0000 size=022b4h (  8884) load[0m
[0;32mI (123) esp_image: segment 2: paddr=0001dadc vaddr=40080000 size=0253ch (  9532) load[0m
[0;32mI (129) esp_image: segment 3: paddr=00020020 vaddr=400d0020 size=19d9ch (105884) map[0m
[0;32mI (170) esp_image: segment 4: paddr=00039dc4 vaddr=4008253c size=0b5e8h ( 46568) load[0m
[0;32mI (195) boot: Loaded app from partition at offset 0x10000[0m
[0;32mI (196) boot: Disabling RNG early entropy source...[0m
[0;32mI (207) cpu_start: Multicore app[0m
[0;32mI (216) cpu_start: Pro cpu start user code[0m
[0;32mI (216) cpu_start: cpu freq: 160000000 Hz[0m
[0;32mI (216) cpu_start: Application information:[0m
[0;32mI (219) cpu_start: Project name:     taskcar_motor_driver[0m
[0;32mI (225) cpu_start: App version:      942c85b-dirty[0m
[0;32mI (231) cpu_start: Compile time:     Dec  9 2024 18:33:16[0m
[0;32mI (237) cpu_start: ELF file SHA256:  639031497...[0m
[0;32mI (242) cpu_start: ESP-IDF:          v5.2.3[0m
[0;32mI (247) cpu_start: Min chip rev:     v0.0[0m
[0;32mI (252) cpu_start: Max chip rev:     v3.99 [0m
[0;32mI (257) cpu_start: Chip rev:         v1.0[0m
[0;32mI (262) heap_init: Initializing. RAM available for dynamic allocation:[0m
[0;32mI (269) heap_init: At 3FFAE6E0 len 00001920 (6 KiB): DRAM[0m
[0;32mI (275) heap_init: At 3FFB2BB8 len 0002D448 (181 KiB): DRAM[0m
[0;32mI (281) heap_init: At 3FFE0440 len 00003AE0 (14 KiB): D/IRAM[0m
[0;32mI (287) heap_init: At 3FFE4350 len 0001BCB0 (111 KiB): D/IRAM[0m
[0;32mI (294) heap_init: At 4008DB24 len 000124DC (73 KiB): IRAM[0m
[0;32mI (301) spi_flash: detected chip: generic[0m
[0;32mI (305) spi_flash: flash io: dio[0m
[0;33mW (309) spi_flash: Detected size(4096k) larger than the size in the binary image header(2048k). Using the size in the binary image header.[0m
[0;33mW (322) i2c: This driver is an old driver, please migrate your application code to adapt `driver/i2c_master.h`[0m
[0;32mI (333) main_task: Started on CPU0[0m
[0;32mI (343) main_task: Calling app_main()[0m
[0;32mI (343) i2c_imu: fe 5c da 38 2f 44 f8 30 00 68 00 9b 00 22 00 00 [0m
[0;32mI (343) i2c_imu: 00 00 00 00 00 00 00 00 00 00 00 00 00 00 00 00 [0m
[0;32mI (353) i2c_imu: 00 00 00 00 00 00 00 00 00 00 00 00 00 00 00 00 [0m
[0;32mI (353) i2c_imu: 01 00 00 45 b7 be f1 72 20 fe 8e 8f 52 d1 f7 df [0m
[0;32mI (363) i2c_imu: cc 43 18 54 1b 23 31 29 0f 1c 46 03 30 20 14 1a [0m
[0;32mI (373) i2c_imu: bd a9 bf c7 c2 dd b9 ba 6d df b7 7f fa 63 03 ff [0m
[0;32mI (373) i2c_imu: 5c 80 21 89 a1 44 79 c2 [0m
[0;32mI (383) i2c_imu: 00 00 00 00 00 00 00 00 8b 7d 83 2e 6d c4 03 82 [0m
[0;32mI (393) i2c_imu: fe c5 00 96 28 6f 50 b4 cd 00 00 00 00 00 00 00 [0m
[0;32mI (393) i2c_imu: 00 00 00 00 00 00 00 01 01 00 00 00 00 00 00 00 [0m
[0;32mI (403) i2c_imu: 00 00 00 00 00 00 00 00 00 00 00 00 00 00 00 00 [0m
[0;32mI (413) i2c_imu: 40 00 01 fe 04 da 4c 2f 2c f8 20 00 58 00 bb 00 [0m
[0;32mI (413) i2c_imu: 26 00 00 00 00 00 00 00 00 00 00 00 00 00 00 00 [0m
[0;32mI (423) i2c_imu: 00 00 00 00 00 00 00 00 [0m
[0;32mI (433) i2c_imu: 8b 7d 83 2e 6d c4 03 82 fe c5 00 96 28 6f 50 b4 [0m
[0;32mI (433) i2c_imu: cd 00 00 00 00 00 00 00 00 00 00 00 00 00 00 01 [0m
[0;32mI (443) i2c_imu: 01 00 00 00 00 00 00 00 00 00 00 00 00 00 00 00 [0m
[0;32mI (443) i2c_imu: 00 00 00 00 00 00 00 00 40 00 01 fd c0 da 18 2e [0m
[0;32mI (453) i2c_imu: a0 f8 30 00 47 00 87 00 38 00 00 00 00 00 00 00 [0m
[0;32mI (463) i2c_imu: 00 00 00 00 00 00 00 00 00 00 00 00 00 00 00 00 [0m
[0;32mI (463) i2c_imu: 00 00 00 00 00 00 00 00 [0m
ets Jun  8 2016 00:22:57ï¿½ets Jun  8 2016 00:22:57

rst:0x1 (POWERON_RESET),boot:0x13 (SPI_FAST_FLASH_BOOT)
configsip: 0, SPIWP:0xee
clk_drv:0x00,q_drv:0x00,d_drv:0x00,cs0_drv:0x00,hd_drv:0x00,wp_drv:0x00
mode:DIO, clock div:2
load:0x3fff0030,len:7172
load:0x40078000,len:15540
load:0x40080400,len:4
ho 8 tail 4 room 4
load:0x40080404,len:3904
entry 0x40080640
[0;32mI (30) boot: ESP-IDF v5.2.3 2nd stage bootloader[0m
[0;32mI (30) boot: compile time Dec  9 2024 18:33:22[0m
[0;32mI (30) boot: Multicore bootloader[0m
[0;32mI (34) boot: chip revision: v1.0[0m
[0;32mI (38) boot.esp32: SPI Speed      : 40MHz[0m
[0;32mI (43) boot.esp32: SPI Mode       : DIO[0m
[0;32mI (47) boot.esp32: SPI Flash Size : 2MB[0m
[0;32mI (52) boot: Enabling RNG early entropy source...[0m
[0;32mI (57) boot: Partition Table:[0m
[0;32mI (61) boot: ## Label            Usage          Type ST Offset   Length[0m
[0;32mI (68) boot:  0 nvs              WiFi data        01 02 00009000 00006000[0m
[0;32mI (76) boot:  1 phy_init         RF data          01 01 0000f000 00001000[0m
[0;32mI (83) boot:  2 factory          factory app      00 00 00010000 00100000[0m
[0;32mI (91) boot: End of partition table[0m
[0;32mI (95) esp_image: segment 0: paddr=00010020 vaddr=3f400020 size=0b7f8h ( 47096) map[0m
[0;32mI (120) esp_image: segment 1: paddr=0001b820 vaddr=3ffb0000 size=022b4h (  8884) load[0m
[0;32mI (123) esp_image: segment 2: paddr=0001dadc vaddr=40080000 size=0253ch (  9532) load[0m
[0;32mI (129) esp_image: segment 3: paddr=00020020 vaddr=400d0020 size=19d9ch (105884) map[0m
[0;32mI (170) esp_image: segment 4: paddr=00039dc4 vaddr=4008253c size=0b5e8h ( 46568) load[0m
[0;32mI (195) boot: Loaded app from partition at offset 0x10000[0m
[0;32mI (196) boot: Disabling RNG early entropy source...[0m
[0;32mI (207) cpu_start: Multicore app[0m
[0;32mI (216) cpu_start: Pro cpu start user code[0m
[0;32mI (216) cpu_start: cpu freq: 160000000 Hz[0m
[0;32mI (216) cpu_start: Application information:[0m
[0;32mI (219) cpu_start: Project name:     taskcar_motor_driver[0m
[0;32mI (225) cpu_start: App version:      942c85b-dirty[0m
[0;32mI (231) cpu_start: Compile time:     Dec  9 2024 18:33:16[0m
[0;32mI (237) cpu_start: ELF file SHA256:  639031497...[0m
[0;32mI (242) cpu_start: ESP-IDF:          v5.2.3[0m
[0;32mI (247) cpu_start: Min chip rev:     v0.0[0m
[0;32mI (252) cpu_start: Max chip rev:     v3.99 [0m
[0;32mI (257) cpu_start: Chip rev:         v1.0[0m
[0;32mI (262) heap_init: Initializing. RAM available for dynamic allocation:[0m
[0;32mI (269) heap_init: At 3FFAE6E0 len 00001920 (6 KiB): DRAM[0m
[0;32mI (275) heap_init: At 3FFB2BB8 len 0002D448 (181 KiB): DRAM[0m
[0;32mI (281) heap_init: At 3FFE0440 len 00003AE0 (14 KiB): D/IRAM[0m
[0;32mI (287) heap_init: At 3FFE4350 len 0001BCB0 (111 KiB): D/IRAM[0m
[0;32mI (294) heap_init: At 4008DB24 len 000124DC (73 KiB): IRAM[0m
[0;32mI (301) spi_flash: detected chip: generic[0m
[0;32mI (305) spi_flash: flash io: dio[0m
[0;33mW (309) spi_flash: Detected size(4096k) larger than the size in the binary image header(2048k). Using the size in the binary image header.[0m
[0;33mW (322) i2c: This driver is an old driver, please migrate your application code to adapt `driver/i2c_master.h`[0m
[0;32mI (333) main_task: Started on CPU0[0m
[0;32mI (343) main_task: Calling app_main()[0m
[0;32mI (343) i2c_imu: eb bc dd 24 1f e4 f8 20 fe 3e ef 93 e4 71 00 00 [0m
[0;32mI (343) i2c_imu: 00 00 00 00 00 00 00 00 00 00 00 00 00 00 00 00 [0m
[0;32mI (353) i2c_imu: 00 00 00 00 00 00 28 00 00 00 00 00 00 00 00 00 [0m
[0;32mI (353) i2c_imu: 01 00 00 7a 29 15 07 06 0e 82 06 7f f7 63 fb bf [0m
[0;32mI (363) i2c_imu: ea c5 91 9d 91 8b b5 f5 fe 12 f6 99 c1 e4 c9 91 [0m
[0;32mI (373) i2c_imu: 40 5a 9b 0e 43 a1 fd b1 99 c0 fd fd 53 17 44 f7 [0m
[0;32mI (373) i2c_imu: da cd 5a a5 a8 3a 37 2d [0m
[0;32mI (383) i2c_imu: 00 00 00 00 00 00 00 00 8b 7d 83 2e 6d c4 03 82 [0m
[0;32mI (393) i2c_imu: fe c5 00 96 28 6f 50 b4 cd 00 00 00 00 00 00 00 [0m
[0;32mI (393) i2c_imu: 00 00 00 00 00 00 00 01 01 00 00 00 00 00 00 00 [0m
[0;32mI (403) i2c_imu: 00 00 00 00 00 00 00 00 00 00 00 00 00 00 00 00 [0m
[0;32mI (413) i2c_imu: 40 00 41 db 9c f8 a0 25 b4 f8 20 dd 50 04 10 f8 [0m
[0;32mI (413) i2c_imu: be 00 00 00 00 00 00 00 00 00 00 00 00 00 00 00 [0m
[0;32mI (423) i2c_imu: 00 00 00 00 00 00 00 00 [0m
[0;32mI (433) i2c_imu: 8b 7d 83 2e 6d c4 03 82 fe c5 00 96 28 6f 50 b4 [0m
[0;32mI (433) i2c_imu: cd 00 00 00 00 00 00 00 00 00 00 00 00 00 00 01 [0m
[0;32mI (443) i2c_imu: 01 00 00 00 00 00 00 00 00 00 00 00 00 00 00 00 [0m
[0;32mI (443) i2c_imu: 00 00 00 00 00 00 00 00 40 00 41 e4 c8 e9 d0 25 [0m
[0;32mI (453) i2c_imu: 10 f8 20 f8 7c fd 61 03 1a 00 00 00 00 00 00 00 [0m
[0;32mI (463) i2c_imu: 00 00 00 00 00 00 00 00 00 00 00 00 00 00 00 00 [0m
[0;32mI (463) i2c_imu: 00 14 00 00 00 00 00 00 [0m
